../Drivers/STM32F4xx_HAL_Driver/stm32f4xx_hal_adc.c:664:13:HAL_ADC_MspInit	0	static
../Drivers/STM32F4xx_HAL_Driver/stm32f4xx_hal_adc.c:313:19:HAL_ADC_Init	16	static
../Drivers/STM32F4xx_HAL_Driver/stm32f4xx_hal_adc.c:679:13:HAL_ADC_MspDeInit	0	static
../Drivers/STM32F4xx_HAL_Driver/stm32f4xx_hal_adc.c:407:19:HAL_ADC_DeInit	16	static
../Drivers/STM32F4xx_HAL_Driver/stm32f4xx_hal_adc.c:718:19:HAL_ADC_Start	8	static
../Drivers/STM32F4xx_HAL_Driver/stm32f4xx_hal_adc.c:841:19:HAL_ADC_Stop	0	static
../Drivers/STM32F4xx_HAL_Driver/stm32f4xx_hal_adc.c:884:19:HAL_ADC_PollForConversion	16	static
../Drivers/STM32F4xx_HAL_Driver/stm32f4xx_hal_adc.c:973:19:HAL_ADC_PollForEvent	24	static
../Drivers/STM32F4xx_HAL_Driver/stm32f4xx_hal_adc.c:1039:19:HAL_ADC_Start_IT	8	static
../Drivers/STM32F4xx_HAL_Driver/stm32f4xx_hal_adc.c:1164:19:HAL_ADC_Stop_IT	0	static
../Drivers/STM32F4xx_HAL_Driver/stm32f4xx_hal_adc.c:1366:19:HAL_ADC_Start_DMA	24	static
../Drivers/STM32F4xx_HAL_Driver/stm32f4xx_hal_adc.c:1514:19:HAL_ADC_Stop_DMA	8	static
../Drivers/STM32F4xx_HAL_Driver/stm32f4xx_hal_adc.c:1570:10:HAL_ADC_GetValue	0	static
../Drivers/STM32F4xx_HAL_Driver/stm32f4xx_hal_adc.c:1582:13:HAL_ADC_ConvCpltCallback	0	static
../Drivers/STM32F4xx_HAL_Driver/stm32f4xx_hal_adc.c:1597:13:HAL_ADC_ConvHalfCpltCallback	0	static
../Drivers/STM32F4xx_HAL_Driver/stm32f4xx_hal_adc.c:2065:13:ADC_DMAHalfConvCplt	8	static
../Drivers/STM32F4xx_HAL_Driver/stm32f4xx_hal_adc.c:1612:13:HAL_ADC_LevelOutOfWindowCallback	0	static
../Drivers/STM32F4xx_HAL_Driver/stm32f4xx_hal_adc.c:1633:13:HAL_ADC_ErrorCallback	0	static
../Drivers/STM32F4xx_HAL_Driver/stm32f4xx_hal_adc.c:1201:6:HAL_ADC_IRQHandler	16	static
../Drivers/STM32F4xx_HAL_Driver/stm32f4xx_hal_adc.c:2082:13:ADC_DMAError	8	static
../Drivers/STM32F4xx_HAL_Driver/stm32f4xx_hal_adc.c:1996:13:ADC_DMAConvCplt	8	static
../Drivers/STM32F4xx_HAL_Driver/stm32f4xx_hal_adc.c:1671:19:HAL_ADC_ConfigChannel	32	static
../Drivers/STM32F4xx_HAL_Driver/stm32f4xx_hal_adc.c:1794:19:HAL_ADC_AnalogWDGConfig	8	static
../Drivers/STM32F4xx_HAL_Driver/stm32f4xx_hal_adc.c:1876:10:HAL_ADC_GetState	0	static
../Drivers/STM32F4xx_HAL_Driver/stm32f4xx_hal_adc.c:1888:10:HAL_ADC_GetError	0	static
